=== Book-Fills Lauf (live) ===
Equity: 820.19 CHF (Drawdown: -0.77%)

Nichts neu zu verbuchen.

ACHTUNG -- manuell pruefen:
  AAPL_US_EQ      Order 57762435617 -- Order nicht mehr auffindbar (404) -- vermutlich abgelaufen ohne Fill, quittiert
  AAPL_US_EQ      Order 57762436136 -- Order nicht mehr auffindbar (404) -- vermutlich abgelaufen ohne Fill, quittiert

SUMMARY_JSON: {"env": "live", "equity": {"timestamp_utc": "2026-09-23T20:00:03+00:00", "total_value_chf": 820.19, "peak_to_date_chf": 826.55, "drawdown_pct": -0.0077}, "booked": [], "still_open": [], "problems": [{"order_id": "57762435617", "ticker": "AAPL_US_EQ", "reason": "Order nicht mehr auffindbar (404) -- vermutlich abgelaufen ohne Fill, quittiert"}, {"order_id": "57762436136", "ticker": "AAPL_US_EQ", "reason": "Order nicht mehr auffindbar (404) -- vermutlich abgelaufen ohne Fill, quittiert"}]}
=== Book-Fills Lauf (live) ===
Equity: 819.28 CHF (Drawdown: -0.88%)

Nichts neu zu verbuchen.

SUMMARY_JSON: {"env": "live", "equity": {"timestamp_utc": "2026-09-24T20:00:03+00:00", "total_value_chf": 819.28, "peak_to_date_chf": 826.55, "drawdown_pct": -0.0088}, "booked": [], "still_open": [], "problems": []}
=== Book-Fills Lauf (live) ===
Equity: 825.5 CHF (Drawdown: -0.13%)

Neu verbucht:
  AMD_US_EQ       buy  0.01 @ 528.0 (Order 57861561223)

SUMMARY_JSON: {"env": "live", "equity": {"timestamp_utc": "2026-09-25T20:00:04+00:00", "total_value_chf": 825.5, "peak_to_date_chf": 826.55, "drawdown_pct": -0.0013}, "booked": [{"order_id": "57861561223", "ticker": "AMD_US_EQ", "action": "buy", "quantity": 0.01, "price": 528.0, "ledger_row": {"timestamp_utc": "2026-09-25T20:00:05+00:00", "type": "BUY", "ticker": "AMD_US_EQ", "quantity": 0.01, "price": 528.0, "amount": -5.28, "realized_pl": "", "cash_balance": 4.72, "rationale": "Auto-Booking nach Fill (Order 57861561223, Preis aus Order-Feld 'price_chf_per_share')", "order_id": "57861561223"}}], "still_open": [], "problems": []}
=== Book-Fills Lauf (live) ===
Equity: 824.99 CHF (Drawdown: -0.19%)

Nichts neu zu verbuchen.

SUMMARY_JSON: {"env": "live", "equity": {"timestamp_utc": "2026-09-26T20:00:03+00:00", "total_value_chf": 824.99, "peak_to_date_chf": 826.55, "drawdown_pct": -0.0019}, "booked": [], "still_open": [], "problems": []}
=== Book-Fills Lauf (live) ===
Equity: 824.99 CHF (Drawdown: -0.19%)

Nichts neu zu verbuchen.

SUMMARY_JSON: {"env": "live", "equity": {"timestamp_utc": "2026-09-27T20:00:03+00:00", "total_value_chf": 824.99, "peak_to_date_chf": 826.55, "drawdown_pct": -0.0019}, "booked": [], "still_open": [], "problems": []}
=== Book-Fills Lauf (live) ===
Equity: 824.52 CHF (Drawdown: -0.25%)

Nichts neu zu verbuchen.

SUMMARY_JSON: {"env": "live", "equity": {"timestamp_utc": "2026-09-28T20:00:03+00:00", "total_value_chf": 824.52, "peak_to_date_chf": 826.55, "drawdown_pct": -0.0025}, "booked": [], "still_open": [], "problems": []}
=== Book-Fills Lauf (live) ===
Equity: 820.31 CHF (Drawdown: -0.75%)

Nichts neu zu verbuchen.

SUMMARY_JSON: {"env": "live", "equity": {"timestamp_utc": "2026-09-29T20:00:03+00:00", "total_value_chf": 820.31, "peak_to_date_chf": 826.55, "drawdown_pct": -0.0075}, "booked": [], "still_open": [], "problems": []}
=== Book-Fills Lauf (live) ===
Equity: 822.52 CHF (Drawdown: -0.49%)

Nichts neu zu verbuchen.

SUMMARY_JSON: {"env": "live", "equity": {"timestamp_utc": "2026-09-30T20:00:03+00:00", "total_value_chf": 822.52, "peak_to_date_chf": 826.55, "drawdown_pct": -0.0049}, "booked": [], "still_open": [], "problems": []}
=== Book-Fills Lauf (live) ===
Equity: 817.73 CHF (Drawdown: -1.07%)

Nichts neu zu verbuchen.

SUMMARY_JSON: {"env": "live", "equity": {"timestamp_utc": "2026-10-01T20:00:04+00:00", "total_value_chf": 817.73, "peak_to_date_chf": 826.55, "drawdown_pct": -0.0107}, "booked": [], "still_open": [], "problems": []}
=== Book-Fills Lauf (live) ===
Equity: 821.71 CHF (Drawdown: -0.59%)

Nichts neu zu verbuchen.

SUMMARY_JSON: {"env": "live", "equity": {"timestamp_utc": "2026-10-02T20:00:04+00:00", "total_value_chf": 821.71, "peak_to_date_chf": 826.55, "drawdown_pct": -0.0059}, "booked": [], "still_open": [], "problems": []}
=== Book-Fills Lauf (live) ===
Equity: 821.19 CHF (Drawdown: -0.65%)

Nichts neu zu verbuchen.

SUMMARY_JSON: {"env": "live", "equity": {"timestamp_utc": "2026-10-03T20:00:02+00:00", "total_value_chf": 821.19, "peak_to_date_chf": 826.55, "drawdown_pct": -0.0065}, "booked": [], "still_open": [], "problems": []}
=== Book-Fills Lauf (live) ===
Equity: 821.19 CHF (Drawdown: -0.65%)

Nichts neu zu verbuchen.

SUMMARY_JSON: {"env": "live", "equity": {"timestamp_utc": "2026-10-04T20:00:03+00:00", "total_value_chf": 821.19, "peak_to_date_chf": 826.55, "drawdown_pct": -0.0065}, "booked": [], "still_open": [], "problems": []}
=== Book-Fills Lauf (live) ===
Equity: 828.58 CHF (Drawdown: 0.00%)

Nichts neu zu verbuchen.

SUMMARY_JSON: {"env": "live", "equity": {"timestamp_utc": "2026-10-05T20:00:04+00:00", "total_value_chf": 828.58, "peak_to_date_chf": 828.58, "drawdown_pct": 0.0}, "booked": [], "still_open": [], "problems": []}
